Flow report for LogBin
Mon May 26 22:58:00 2008
Version 5.0 Build 148 04/26/2005 SJ Full Version


---------------------
; Table of Contents ;
---------------------
  1. Legal Notice
  2. Flow Summary
  3. Flow Settings
  4. Flow Elapsed Time
  5. Flow Log



----------------
; Legal Notice ;
----------------
Copyright (C) 1991-2005 Altera Corporation
Your use of Altera Corporation's design tools, logic functions 
and other software and tools, and its AMPP partner logic       
functions, and any output files any of the foregoing           
(including device programming or simulation files), and any    
associated documentation or information are expressly subject  
to the terms and conditions of the Altera Program License      
Subscription Agreement, Altera MegaCore Function License       
Agreement, or other applicable license agreement, including,   
without limitation, that your use is for the sole purpose of   
programming logic devices manufactured by Altera and sold by   
Altera or its authorized distributors.  Please refer to the    
applicable agreement for further details.



+--------------------------------------------------------------------+
; Flow Summary                                                       ;
+-------------------------+------------------------------------------+
; Flow Status             ; Successful - Mon May 26 22:58:00 2008    ;
; Quartus II Version      ; 5.0 Build 148 04/26/2005 SJ Full Version ;
; Revision Name           ; LogBin                                   ;
; Top-level Entity Name   ; LogBin                                   ;
; Family                  ; FLEX10K                                  ;
; Device                  ; EPF10K70RC240-4                          ;
; Timing Models           ; Final                                    ;
; Met timing requirements ; Yes                                      ;
; Total logic elements    ; 461 / 3,744 ( 12 % )                     ;
; Total pins              ; 50 / 189 ( 26 % )                        ;
; Total memory bits       ; 0 / 18,432 ( 0 % )                       ;
+-------------------------+------------------------------------------+


+-----------------------------------------+
; Flow Settings                           ;
+-------------------+---------------------+
; Option            ; Setting             ;
+-------------------+---------------------+
; Start date & time ; 05/26/2008 22:57:23 ;
; Main task         ; Compilation         ;
; Revision Name     ; LogBin              ;
+-------------------+---------------------+


+-------------------------------------+
; Flow Elapsed Time                   ;
+----------------------+--------------+
; Module Name          ; Elapsed Time ;
+----------------------+--------------+
; Analysis & Synthesis ; 00:00:10     ;
; Fitter               ; 00:00:21     ;
; Assembler            ; 00:00:01     ;
; Timing Analyzer      ; 00:00:02     ;
; Total                ; 00:00:34     ;
+----------------------+--------------+


------------
; Flow Log ;
------------
quartus_map --read_settings_files=on --write_settings_files=off LogBin -c LogBin
quartus_fit --read_settings_files=off --write_settings_files=off LogBin -c LogBin
quartus_asm --read_settings_files=off --write_settings_files=off LogBin -c LogBin
quartus_tan --read_settings_files=off --write_settings_files=off LogBin -c LogBin



