--------------------------------------------------------------------------------------
Timing Analyzer Summary
--------------------------------------------------------------------------------------

Type           : Worst-case tsu
Slack          : N/A
Required Time  : None
Actual Time    : 8.728 ns
From           : CLEAR
To             : lpm_counter0:inst1|lpm_counter:lpm_counter_component|cntr_hai:auto_generated|safe_q[1]
From Clock     : --
To Clock       : CLK
Failed Paths   : 0

Type           : Worst-case tco
Slack          : N/A
Required Time  : None
Actual Time    : 13.229 ns
From           : N_N3:inst2|fstate.state7
To             : VSHISTE[1]
From Clock     : CLK
To Clock       : --
Failed Paths   : 0

Type           : Worst-case tpd
Slack          : N/A
Required Time  : None
Actual Time    : 15.936 ns
From           : CLEAR
To             : VSHISTE[1]
From Clock     : --
To Clock       : --
Failed Paths   : 0

Type           : Worst-case th
Slack          : N/A
Required Time  : None
Actual Time    : -3.811 ns
From           : CLEAR
To             : N_N3:inst2|fstate.state1
From Clock     : --
To Clock       : CLK
Failed Paths   : 0

Type           : Clock Setup: 'CLK'
Slack          : N/A
Required Time  : None
Actual Time    : 135.57 MHz ( period = 7.376 ns )
From           : lpm_ram_dq1:inst11|lpm_ram_dq:lpm_ram_dq_component|altram:sram|altsyncram:ram_block|altsyncram_t5b1:auto_generated|ram_block1a0~porta_address_reg2
To             : lpm_ram_dq1:inst11|lpm_ram_dq:lpm_ram_dq_component|altram:sram|altsyncram:ram_block|altsyncram_t5b1:auto_generated|q_a[3]
From Clock     : CLK
To Clock       : CLK
Failed Paths   : 0

Type           : Total number of failed paths
Slack          : 
Required Time  : 
Actual Time    : 
From           : 
To             : 
From Clock     : 
To Clock       : 
Failed Paths   : 0

--------------------------------------------------------------------------------------

